// Jest Snapshot v1, https://goo.gl/fbAQLP

exports[`<DataDash /> Should show the data when retrieved 1`] = `
<DataDash>
  <div
    className="data-dash-wrapper"
  >
    <ListItem
      key="0"
      post={
        Object {
          "completed": false,
          "id": 1,
          "title": "delectus aut autem",
          "userId": 1,
        }
      }
    >
      <div
        className="item-wrapper"
      >
        <h3>
          DELECTUS AUT AUTEM
        </h3>
      </div>
    </ListItem>
    <ListItem
      key="1"
      post={
        Object {
          "completed": false,
          "id": 2,
          "title": "quis ut nam facilis et officia qui",
          "userId": 1,
        }
      }
    >
      <div
        className="item-wrapper"
      >
        <h3>
          QUIS UT NAM FACILIS ET OFFICIA QUI
        </h3>
      </div>
    </ListItem>
    <ListItem
      key="2"
      post={
        Object {
          "completed": false,
          "id": 3,
          "title": "fugiat veniam minus",
          "userId": 1,
        }
      }
    >
      <div
        className="item-wrapper"
      >
        <h3>
          FUGIAT VENIAM MINUS
        </h3>
      </div>
    </ListItem>
    <ListItem
      key="3"
      post={
        Object {
          "completed": true,
          "id": 4,
          "title": "et porro tempora",
          "userId": 1,
        }
      }
    >
      <div
        className="item-wrapper"
      >
        <h3>
          ET PORRO TEMPORA
        </h3>
      </div>
    </ListItem>
    <ListItem
      key="4"
      post={
        Object {
          "completed": false,
          "id": 5,
          "title": "laboriosam mollitia et enim quasi adipisci quia provident illum",
          "userId": 1,
        }
      }
    >
      <div
        className="item-wrapper"
      >
        <h3>
          LABORIOSAM MOLLITIA ET ENIM QUASI ADIPISCI QUIA PROVIDENT ILLUM
        </h3>
      </div>
    </ListItem>
    <ListItem
      key="5"
      post={
        Object {
          "completed": false,
          "id": 6,
          "title": "qui ullam ratione quibusdam voluptatem quia omnis",
          "userId": 1,
        }
      }
    >
      <div
        className="item-wrapper"
      >
        <h3>
          QUI ULLAM RATIONE QUIBUSDAM VOLUPTATEM QUIA OMNIS
        </h3>
      </div>
    </ListItem>
    <ListItem
      key="6"
      post={
        Object {
          "completed": false,
          "id": 7,
          "title": "illo expedita consequatur quia in",
          "userId": 1,
        }
      }
    >
      <div
        className="item-wrapper"
      >
        <h3>
          ILLO EXPEDITA CONSEQUATUR QUIA IN
        </h3>
      </div>
    </ListItem>
    <ListItem
      key="7"
      post={
        Object {
          "completed": true,
          "id": 8,
          "title": "quo adipisci enim quam ut ab",
          "userId": 1,
        }
      }
    >
      <div
        className="item-wrapper"
      >
        <h3>
          QUO ADIPISCI ENIM QUAM UT AB
        </h3>
      </div>
    </ListItem>
    <ListItem
      key="8"
      post={
        Object {
          "completed": false,
          "id": 9,
          "title": "molestiae perspiciatis ipsa",
          "userId": 1,
        }
      }
    >
      <div
        className="item-wrapper"
      >
        <h3>
          MOLESTIAE PERSPICIATIS IPSA
        </h3>
      </div>
    </ListItem>
    <ListItem
      key="9"
      post={
        Object {
          "completed": true,
          "id": 10,
          "title": "illo est ratione doloremque quia maiores aut",
          "userId": 1,
        }
      }
    >
      <div
        className="item-wrapper"
      >
        <h3>
          ILLO EST RATIONE DOLOREMQUE QUIA MAIORES AUT
        </h3>
      </div>
    </ListItem>
    <ListItem
      key="10"
      post={
        Object {
          "completed": true,
          "id": 11,
          "title": "vero rerum temporibus dolor",
          "userId": 1,
        }
      }
    >
      <div
        className="item-wrapper"
      >
        <h3>
          VERO RERUM TEMPORIBUS DOLOR
        </h3>
      </div>
    </ListItem>
    <ListItem
      key="11"
      post={
        Object {
          "completed": true,
          "id": 12,
          "title": "ipsa repellendus fugit nisi",
          "userId": 1,
        }
      }
    >
      <div
        className="item-wrapper"
      >
        <h3>
          IPSA REPELLENDUS FUGIT NISI
        </h3>
      </div>
    </ListItem>
    <ListItem
      key="12"
      post={
        Object {
          "completed": false,
          "id": 13,
          "title": "et doloremque nulla",
          "userId": 1,
        }
      }
    >
      <div
        className="item-wrapper"
      >
        <h3>
          ET DOLOREMQUE NULLA
        </h3>
      </div>
    </ListItem>
    <ListItem
      key="13"
      post={
        Object {
          "completed": true,
          "id": 14,
          "title": "repellendus sunt dolores architecto voluptatum",
          "userId": 1,
        }
      }
    >
      <div
        className="item-wrapper"
      >
        <h3>
          REPELLENDUS SUNT DOLORES ARCHITECTO VOLUPTATUM
        </h3>
      </div>
    </ListItem>
    <ListItem
      key="14"
      post={
        Object {
          "completed": true,
          "id": 15,
          "title": "ab voluptatum amet voluptas",
          "userId": 1,
        }
      }
    >
      <div
        className="item-wrapper"
      >
        <h3>
          AB VOLUPTATUM AMET VOLUPTAS
        </h3>
      </div>
    </ListItem>
    <ListItem
      key="15"
      post={
        Object {
          "completed": true,
          "id": 16,
          "title": "accusamus eos facilis sint et aut voluptatem",
          "userId": 1,
        }
      }
    >
      <div
        className="item-wrapper"
      >
        <h3>
          ACCUSAMUS EOS FACILIS SINT ET AUT VOLUPTATEM
        </h3>
      </div>
    </ListItem>
    <ListItem
      key="16"
      post={
        Object {
          "completed": true,
          "id": 17,
          "title": "quo laboriosam deleniti aut qui",
          "userId": 1,
        }
      }
    >
      <div
        className="item-wrapper"
      >
        <h3>
          QUO LABORIOSAM DELENITI AUT QUI
        </h3>
      </div>
    </ListItem>
    <ListItem
      key="17"
      post={
        Object {
          "completed": false,
          "id": 18,
          "title": "dolorum est consequatur ea mollitia in culpa",
          "userId": 1,
        }
      }
    >
      <div
        className="item-wrapper"
      >
        <h3>
          DOLORUM EST CONSEQUATUR EA MOLLITIA IN CULPA
        </h3>
      </div>
    </ListItem>
    <ListItem
      key="18"
      post={
        Object {
          "completed": true,
          "id": 19,
          "title": "molestiae ipsa aut voluptatibus pariatur dolor nihil",
          "userId": 1,
        }
      }
    >
      <div
        className="item-wrapper"
      >
        <h3>
          MOLESTIAE IPSA AUT VOLUPTATIBUS PARIATUR DOLOR NIHIL
        </h3>
      </div>
    </ListItem>
    <ListItem
      key="19"
      post={
        Object {
          "completed": true,
          "id": 20,
          "title": "ullam nobis libero sapiente ad optio sint",
          "userId": 1,
        }
      }
    >
      <div
        className="item-wrapper"
      >
        <h3>
          ULLAM NOBIS LIBERO SAPIENTE AD OPTIO SINT
        </h3>
      </div>
    </ListItem>
    <ListItem
      key="20"
      post={
        Object {
          "completed": false,
          "id": 21,
          "title": "suscipit repellat esse quibusdam voluptatem incidunt",
          "userId": 2,
        }
      }
    >
      <div
        className="item-wrapper"
      >
        <h3>
          SUSCIPIT REPELLAT ESSE QUIBUSDAM VOLUPTATEM INCIDUNT
        </h3>
      </div>
    </ListItem>
    <ListItem
      key="21"
      post={
        Object {
          "completed": true,
          "id": 22,
          "title": "distinctio vitae autem nihil ut molestias quo",
          "userId": 2,
        }
      }
    >
      <div
        className="item-wrapper"
      >
        <h3>
          DISTINCTIO VITAE AUTEM NIHIL UT MOLESTIAS QUO
        </h3>
      </div>
    </ListItem>
    <ListItem
      key="22"
      post={
        Object {
          "completed": false,
          "id": 23,
          "title": "et itaque necessitatibus maxime molestiae qui quas velit",
          "userId": 2,
        }
      }
    >
      <div
        className="item-wrapper"
      >
        <h3>
          ET ITAQUE NECESSITATIBUS MAXIME MOLESTIAE QUI QUAS VELIT
        </h3>
      </div>
    </ListItem>
    <ListItem
      key="23"
      post={
        Object {
          "completed": false,
          "id": 24,
          "title": "adipisci non ad dicta qui amet quaerat doloribus ea",
          "userId": 2,
        }
      }
    >
      <div
        className="item-wrapper"
      >
        <h3>
          ADIPISCI NON AD DICTA QUI AMET QUAERAT DOLORIBUS EA
        </h3>
      </div>
    </ListItem>
    <ListItem
      key="24"
      post={
        Object {
          "completed": true,
          "id": 25,
          "title": "voluptas quo tenetur perspiciatis explicabo natus",
          "userId": 2,
        }
      }
    >
      <div
        className="item-wrapper"
      >
        <h3>
          VOLUPTAS QUO TENETUR PERSPICIATIS EXPLICABO NATUS
        </h3>
      </div>
    </ListItem>
    <ListItem
      key="25"
      post={
        Object {
          "completed": true,
          "id": 26,
          "title": "aliquam aut quasi",
          "userId": 2,
        }
      }
    >
      <div
        className="item-wrapper"
      >
        <h3>
          ALIQUAM AUT QUASI
        </h3>
      </div>
    </ListItem>
    <ListItem
      key="26"
      post={
        Object {
          "completed": true,
          "id": 27,
          "title": "veritatis pariatur delectus",
          "userId": 2,
        }
      }
    >
      <div
        className="item-wrapper"
      >
        <h3>
          VERITATIS PARIATUR DELECTUS
        </h3>
      </div>
    </ListItem>
    <ListItem
      key="27"
      post={
        Object {
          "completed": false,
          "id": 28,
          "title": "nesciunt totam sit blanditiis sit",
          "userId": 2,
        }
      }
    >
      <div
        className="item-wrapper"
      >
        <h3>
          NESCIUNT TOTAM SIT BLANDITIIS SIT
        </h3>
      </div>
    </ListItem>
    <ListItem
      key="28"
      post={
        Object {
          "completed": false,
          "id": 29,
          "title": "laborum aut in quam",
          "userId": 2,
        }
      }
    >
      <div
        className="item-wrapper"
      >
        <h3>
          LABORUM AUT IN QUAM
        </h3>
      </div>
    </ListItem>
    <ListItem
      key="29"
      post={
        Object {
          "completed": true,
          "id": 30,
          "title": "nemo perspiciatis repellat ut dolor libero commodi blanditiis omnis",
          "userId": 2,
        }
      }
    >
      <div
        className="item-wrapper"
      >
        <h3>
          NEMO PERSPICIATIS REPELLAT UT DOLOR LIBERO COMMODI BLANDITIIS OMNIS
        </h3>
      </div>
    </ListItem>
    <ListItem
      key="30"
      post={
        Object {
          "completed": false,
          "id": 31,
          "title": "repudiandae totam in est sint facere fuga",
          "userId": 2,
        }
      }
    >
      <div
        className="item-wrapper"
      >
        <h3>
          REPUDIANDAE TOTAM IN EST SINT FACERE FUGA
        </h3>
      </div>
    </ListItem>
    <ListItem
      key="31"
      post={
        Object {
          "completed": false,
          "id": 32,
          "title": "earum doloribus ea doloremque quis",
          "userId": 2,
        }
      }
    >
      <div
        className="item-wrapper"
      >
        <h3>
          EARUM DOLORIBUS EA DOLOREMQUE QUIS
        </h3>
      </div>
    </ListItem>
    <ListItem
      key="32"
      post={
        Object {
          "completed": false,
          "id": 33,
          "title": "sint sit aut vero",
          "userId": 2,
        }
      }
    >
      <div
        className="item-wrapper"
      >
        <h3>
          SINT SIT AUT VERO
        </h3>
      </div>
    </ListItem>
    <ListItem
      key="33"
      post={
        Object {
          "completed": false,
          "id": 34,
          "title": "porro aut necessitatibus eaque distinctio",
          "userId": 2,
        }
      }
    >
      <div
        className="item-wrapper"
      >
        <h3>
          PORRO AUT NECESSITATIBUS EAQUE DISTINCTIO
        </h3>
      </div>
    </ListItem>
    <ListItem
      key="34"
      post={
        Object {
          "completed": true,
          "id": 35,
          "title": "repellendus veritatis molestias dicta incidunt",
          "userId": 2,
        }
      }
    >
      <div
        className="item-wrapper"
      >
        <h3>
          REPELLENDUS VERITATIS MOLESTIAS DICTA INCIDUNT
        </h3>
      </div>
    </ListItem>
    <ListItem
      key="35"
      post={
        Object {
          "completed": true,
          "id": 36,
          "title": "excepturi deleniti adipisci voluptatem et neque optio illum ad",
          "userId": 2,
        }
      }
    >
      <div
        className="item-wrapper"
      >
        <h3>
          EXCEPTURI DELENITI ADIPISCI VOLUPTATEM ET NEQUE OPTIO ILLUM AD
        </h3>
      </div>
    </ListItem>
    <ListItem
      key="36"
      post={
        Object {
          "completed": false,
          "id": 37,
          "title": "sunt cum tempora",
          "userId": 2,
        }
      }
    >
      <div
        className="item-wrapper"
      >
        <h3>
          SUNT CUM TEMPORA
        </h3>
      </div>
    </ListItem>
    <ListItem
      key="37"
      post={
        Object {
          "completed": false,
          "id": 38,
          "title": "totam quia non",
          "userId": 2,
        }
      }
    >
      <div
        className="item-wrapper"
      >
        <h3>
          TOTAM QUIA NON
        </h3>
      </div>
    </ListItem>
    <ListItem
      key="38"
      post={
        Object {
          "completed": false,
          "id": 39,
          "title": "doloremque quibusdam asperiores libero corrupti illum qui omnis",
          "userId": 2,
        }
      }
    >
      <div
        className="item-wrapper"
      >
        <h3>
          DOLOREMQUE QUIBUSDAM ASPERIORES LIBERO CORRUPTI ILLUM QUI OMNIS
        </h3>
      </div>
    </ListItem>
    <ListItem
      key="39"
      post={
        Object {
          "completed": true,
          "id": 40,
          "title": "totam atque quo nesciunt",
          "userId": 2,
        }
      }
    >
      <div
        className="item-wrapper"
      >
        <h3>
          TOTAM ATQUE QUO NESCIUNT
        </h3>
      </div>
    </ListItem>
    <ListItem
      key="40"
      post={
        Object {
          "completed": false,
          "id": 41,
          "title": "aliquid amet impedit consequatur aspernatur placeat eaque fugiat suscipit",
          "userId": 3,
        }
      }
    >
      <div
        className="item-wrapper"
      >
        <h3>
          ALIQUID AMET IMPEDIT CONSEQUATUR ASPERNATUR PLACEAT EAQUE FUGIAT SUSCIPIT
        </h3>
      </div>
    </ListItem>
    <ListItem
      key="41"
      post={
        Object {
          "completed": false,
          "id": 42,
          "title": "rerum perferendis error quia ut eveniet",
          "userId": 3,
        }
      }
    >
      <div
        className="item-wrapper"
      >
        <h3>
          RERUM PERFERENDIS ERROR QUIA UT EVENIET
        </h3>
      </div>
    </ListItem>
    <ListItem
      key="42"
      post={
        Object {
          "completed": true,
          "id": 43,
          "title": "tempore ut sint quis recusandae",
          "userId": 3,
        }
      }
    >
      <div
        className="item-wrapper"
      >
        <h3>
          TEMPORE UT SINT QUIS RECUSANDAE
        </h3>
      </div>
    </ListItem>
    <ListItem
      key="43"
      post={
        Object {
          "completed": true,
          "id": 44,
          "title": "cum debitis quis accusamus doloremque ipsa natus sapiente omnis",
          "userId": 3,
        }
      }
    >
      <div
        className="item-wrapper"
      >
        <h3>
          CUM DEBITIS QUIS ACCUSAMUS DOLOREMQUE IPSA NATUS SAPIENTE OMNIS
        </h3>
      </div>
    </ListItem>
    <ListItem
      key="44"
      post={
        Object {
          "completed": false,
          "id": 45,
          "title": "velit soluta adipisci molestias reiciendis harum",
          "userId": 3,
        }
      }
    >
      <div
        className="item-wrapper"
      >
        <h3>
          VELIT SOLUTA ADIPISCI MOLESTIAS REICIENDIS HARUM
        </h3>
      </div>
    </ListItem>
    <ListItem
      key="45"
      post={
        Object {
          "completed": false,
          "id": 46,
          "title": "vel voluptatem repellat nihil placeat corporis",
          "userId": 3,
        }
      }
    >
      <div
        className="item-wrapper"
      >
        <h3>
          VEL VOLUPTATEM REPELLAT NIHIL PLACEAT CORPORIS
        </h3>
      </div>
    </ListItem>
    <ListItem
      key="46"
      post={
        Object {
          "completed": false,
          "id": 47,
          "title": "nam qui rerum fugiat accusamus",
          "userId": 3,
        }
      }
    >
      <div
        className="item-wrapper"
      >
        <h3>
          NAM QUI RERUM FUGIAT ACCUSAMUS
        </h3>
      </div>
    </ListItem>
    <ListItem
      key="47"
      post={
        Object {
          "completed": false,
          "id": 48,
          "title": "sit reprehenderit omnis quia",
          "userId": 3,
        }
      }
    >
      <div
        className="item-wrapper"
      >
        <h3>
          SIT REPREHENDERIT OMNIS QUIA
        </h3>
      </div>
    </ListItem>
    <ListItem
      key="48"
      post={
        Object {
          "completed": false,
          "id": 49,
          "title": "ut necessitatibus aut maiores debitis officia blanditiis velit et",
          "userId": 3,
        }
      }
    >
      <div
        className="item-wrapper"
      >
        <h3>
          UT NECESSITATIBUS AUT MAIORES DEBITIS OFFICIA BLANDITIIS VELIT ET
        </h3>
      </div>
    </ListItem>
    <ListItem
      key="49"
      post={
        Object {
          "completed": true,
          "id": 50,
          "title": "cupiditate necessitatibus ullam aut quis dolor voluptate",
          "userId": 3,
        }
      }
    >
      <div
        className="item-wrapper"
      >
        <h3>
          CUPIDITATE NECESSITATIBUS ULLAM AUT QUIS DOLOR VOLUPTATE
        </h3>
      </div>
    </ListItem>
    <ListItem
      key="50"
      post={
        Object {
          "completed": false,
          "id": 51,
          "title": "distinctio exercitationem ab doloribus",
          "userId": 3,
        }
      }
    >
      <div
        className="item-wrapper"
      >
        <h3>
          DISTINCTIO EXERCITATIONEM AB DOLORIBUS
        </h3>
      </div>
    </ListItem>
    <ListItem
      key="51"
      post={
        Object {
          "completed": false,
          "id": 52,
          "title": "nesciunt dolorum quis recusandae ad pariatur ratione",
          "userId": 3,
        }
      }
    >
      <div
        className="item-wrapper"
      >
        <h3>
          NESCIUNT DOLORUM QUIS RECUSANDAE AD PARIATUR RATIONE
        </h3>
      </div>
    </ListItem>
    <ListItem
      key="52"
      post={
        Object {
          "completed": false,
          "id": 53,
          "title": "qui labore est occaecati recusandae aliquid quam",
          "userId": 3,
        }
      }
    >
      <div
        className="item-wrapper"
      >
        <h3>
          QUI LABORE EST OCCAECATI RECUSANDAE ALIQUID QUAM
        </h3>
      </div>
    </ListItem>
    <ListItem
      key="53"
      post={
        Object {
          "completed": true,
          "id": 54,
          "title": "quis et est ut voluptate quam dolor",
          "userId": 3,
        }
      }
    >
      <div
        className="item-wrapper"
      >
        <h3>
          QUIS ET EST UT VOLUPTATE QUAM DOLOR
        </h3>
      </div>
    </ListItem>
    <ListItem
      key="54"
      post={
        Object {
          "completed": true,
          "id": 55,
          "title": "voluptatum omnis minima qui occaecati provident nulla voluptatem ratione",
          "userId": 3,
        }
      }
    >
      <div
        className="item-wrapper"
      >
        <h3>
          VOLUPTATUM OMNIS MINIMA QUI OCCAECATI PROVIDENT NULLA VOLUPTATEM RATIONE
        </h3>
      </div>
    </ListItem>
    <ListItem
      key="55"
      post={
        Object {
          "completed": true,
          "id": 56,
          "title": "deleniti ea temporibus enim",
          "userId": 3,
        }
      }
    >
      <div
        className="item-wrapper"
      >
        <h3>
          DELENITI EA TEMPORIBUS ENIM
        </h3>
      </div>
    </ListItem>
    <ListItem
      key="56"
      post={
        Object {
          "completed": false,
          "id": 57,
          "title": "pariatur et magnam ea doloribus similique voluptatem rerum quia",
          "userId": 3,
        }
      }
    >
      <div
        className="item-wrapper"
      >
        <h3>
          PARIATUR ET MAGNAM EA DOLORIBUS SIMILIQUE VOLUPTATEM RERUM QUIA
        </h3>
      </div>
    </ListItem>
    <ListItem
      key="57"
      post={
        Object {
          "completed": false,
          "id": 58,
          "title": "est dicta totam qui explicabo doloribus qui dignissimos",
          "userId": 3,
        }
      }
    >
      <div
        className="item-wrapper"
      >
        <h3>
          EST DICTA TOTAM QUI EXPLICABO DOLORIBUS QUI DIGNISSIMOS
        </h3>
      </div>
    </ListItem>
    <ListItem
      key="58"
      post={
        Object {
          "completed": false,
          "id": 59,
          "title": "perspiciatis velit id laborum placeat iusto et aliquam odio",
          "userId": 3,
        }
      }
    >
      <div
        className="item-wrapper"
      >
        <h3>
          PERSPICIATIS VELIT ID LABORUM PLACEAT IUSTO ET ALIQUAM ODIO
        </h3>
      </div>
    </ListItem>
    <ListItem
      key="59"
      post={
        Object {
          "completed": true,
          "id": 60,
          "title": "et sequi qui architecto ut adipisci",
          "userId": 3,
        }
      }
    >
      <div
        className="item-wrapper"
      >
        <h3>
          ET SEQUI QUI ARCHITECTO UT ADIPISCI
        </h3>
      </div>
    </ListItem>
    <ListItem
      key="60"
      post={
        Object {
          "completed": true,
          "id": 61,
          "title": "odit optio omnis qui sunt",
          "userId": 4,
        }
      }
    >
      <div
        className="item-wrapper"
      >
        <h3>
          ODIT OPTIO OMNIS QUI SUNT
        </h3>
      </div>
    </ListItem>
    <ListItem
      key="61"
      post={
        Object {
          "completed": false,
          "id": 62,
          "title": "et placeat et tempore aspernatur sint numquam",
          "userId": 4,
        }
      }
    >
      <div
        className="item-wrapper"
      >
        <h3>
          ET PLACEAT ET TEMPORE ASPERNATUR SINT NUMQUAM
        </h3>
      </div>
    </ListItem>
    <ListItem
      key="62"
      post={
        Object {
          "completed": true,
          "id": 63,
          "title": "doloremque aut dolores quidem fuga qui nulla",
          "userId": 4,
        }
      }
    >
      <div
        className="item-wrapper"
      >
        <h3>
          DOLOREMQUE AUT DOLORES QUIDEM FUGA QUI NULLA
        </h3>
      </div>
    </ListItem>
    <ListItem
      key="63"
      post={
        Object {
          "completed": false,
          "id": 64,
          "title": "voluptas consequatur qui ut quia magnam nemo esse",
          "userId": 4,
        }
      }
    >
      <div
        className="item-wrapper"
      >
        <h3>
          VOLUPTAS CONSEQUATUR QUI UT QUIA MAGNAM NEMO ESSE
        </h3>
      </div>
    </ListItem>
    <ListItem
      key="64"
      post={
        Object {
          "completed": false,
          "id": 65,
          "title": "fugiat pariatur ratione ut asperiores necessitatibus magni",
          "userId": 4,
        }
      }
    >
      <div
        className="item-wrapper"
      >
        <h3>
          FUGIAT PARIATUR RATIONE UT ASPERIORES NECESSITATIBUS MAGNI
        </h3>
      </div>
    </ListItem>
    <ListItem
      key="65"
      post={
        Object {
          "completed": false,
          "id": 66,
          "title": "rerum eum molestias autem voluptatum sit optio",
          "userId": 4,
        }
      }
    >
      <div
        className="item-wrapper"
      >
        <h3>
          RERUM EUM MOLESTIAS AUTEM VOLUPTATUM SIT OPTIO
        </h3>
      </div>
    </ListItem>
    <ListItem
      key="66"
      post={
        Object {
          "completed": false,
          "id": 67,
          "title": "quia voluptatibus voluptatem quos similique maiores repellat",
          "userId": 4,
        }
      }
    >
      <div
        className="item-wrapper"
      >
        <h3>
          QUIA VOLUPTATIBUS VOLUPTATEM QUOS SIMILIQUE MAIORES REPELLAT
        </h3>
      </div>
    </ListItem>
    <ListItem
      key="67"
      post={
        Object {
          "completed": false,
          "id": 68,
          "title": "aut id perspiciatis voluptatem iusto",
          "userId": 4,
        }
      }
    >
      <div
        className="item-wrapper"
      >
        <h3>
          AUT ID PERSPICIATIS VOLUPTATEM IUSTO
        </h3>
      </div>
    </ListItem>
    <ListItem
      key="68"
      post={
        Object {
          "completed": false,
          "id": 69,
          "title": "doloribus sint dolorum ab adipisci itaque dignissimos aliquam suscipit",
          "userId": 4,
        }
      }
    >
      <div
        className="item-wrapper"
      >
        <h3>
          DOLORIBUS SINT DOLORUM AB ADIPISCI ITAQUE DIGNISSIMOS ALIQUAM SUSCIPIT
        </h3>
      </div>
    </ListItem>
    <ListItem
      key="69"
      post={
        Object {
          "completed": false,
          "id": 70,
          "title": "ut sequi accusantium et mollitia delectus sunt",
          "userId": 4,
        }
      }
    >
      <div
        className="item-wrapper"
      >
        <h3>
          UT SEQUI ACCUSANTIUM ET MOLLITIA DELECTUS SUNT
        </h3>
      </div>
    </ListItem>
    <ListItem
      key="70"
      post={
        Object {
          "completed": false,
          "id": 71,
          "title": "aut velit saepe ullam",
          "userId": 4,
        }
      }
    >
      <div
        className="item-wrapper"
      >
        <h3>
          AUT VELIT SAEPE ULLAM
        </h3>
      </div>
    </ListItem>
    <ListItem
      key="71"
      post={
        Object {
          "completed": false,
          "id": 72,
          "title": "praesentium facilis facere quis harum voluptatibus voluptatem eum",
          "userId": 4,
        }
      }
    >
      <div
        className="item-wrapper"
      >
        <h3>
          PRAESENTIUM FACILIS FACERE QUIS HARUM VOLUPTATIBUS VOLUPTATEM EUM
        </h3>
      </div>
    </ListItem>
    <ListItem
      key="72"
      post={
        Object {
          "completed": true,
          "id": 73,
          "title": "sint amet quia totam corporis qui exercitationem commodi",
          "userId": 4,
        }
      }
    >
      <div
        className="item-wrapper"
      >
        <h3>
          SINT AMET QUIA TOTAM CORPORIS QUI EXERCITATIONEM COMMODI
        </h3>
      </div>
    </ListItem>
    <ListItem
      key="73"
      post={
        Object {
          "completed": false,
          "id": 74,
          "title": "expedita tempore nobis eveniet laborum maiores",
          "userId": 4,
        }
      }
    >
      <div
        className="item-wrapper"
      >
        <h3>
          EXPEDITA TEMPORE NOBIS EVENIET LABORUM MAIORES
        </h3>
      </div>
    </ListItem>
    <ListItem
      key="74"
      post={
        Object {
          "completed": false,
          "id": 75,
          "title": "occaecati adipisci est possimus totam",
          "userId": 4,
        }
      }
    >
      <div
        className="item-wrapper"
      >
        <h3>
          OCCAECATI ADIPISCI EST POSSIMUS TOTAM
        </h3>
      </div>
    </ListItem>
    <ListItem
      key="75"
      post={
        Object {
          "completed": true,
          "id": 76,
          "title": "sequi dolorem sed",
          "userId": 4,
        }
      }
    >
      <div
        className="item-wrapper"
      >
        <h3>
          SEQUI DOLOREM SED
        </h3>
      </div>
    </ListItem>
    <ListItem
      key="76"
      post={
        Object {
          "completed": false,
          "id": 77,
          "title": "maiores aut nesciunt delectus exercitationem vel assumenda eligendi at",
          "userId": 4,
        }
      }
    >
      <div
        className="item-wrapper"
      >
        <h3>
          MAIORES AUT NESCIUNT DELECTUS EXERCITATIONEM VEL ASSUMENDA ELIGENDI AT
        </h3>
      </div>
    </ListItem>
    <ListItem
      key="77"
      post={
        Object {
          "completed": false,
          "id": 78,
          "title": "reiciendis est magnam amet nemo iste recusandae impedit quaerat",
          "userId": 4,
        }
      }
    >
      <div
        className="item-wrapper"
      >
        <h3>
          REICIENDIS EST MAGNAM AMET NEMO ISTE RECUSANDAE IMPEDIT QUAERAT
        </h3>
      </div>
    </ListItem>
    <ListItem
      key="78"
      post={
        Object {
          "completed": true,
          "id": 79,
          "title": "eum ipsa maxime ut",
          "userId": 4,
        }
      }
    >
      <div
        className="item-wrapper"
      >
        <h3>
          EUM IPSA MAXIME UT
        </h3>
      </div>
    </ListItem>
    <ListItem
      key="79"
      post={
        Object {
          "completed": true,
          "id": 80,
          "title": "tempore molestias dolores rerum sequi voluptates ipsum consequatur",
          "userId": 4,
        }
      }
    >
      <div
        className="item-wrapper"
      >
        <h3>
          TEMPORE MOLESTIAS DOLORES RERUM SEQUI VOLUPTATES IPSUM CONSEQUATUR
        </h3>
      </div>
    </ListItem>
    <ListItem
      key="80"
      post={
        Object {
          "completed": true,
          "id": 81,
          "title": "suscipit qui totam",
          "userId": 5,
        }
      }
    >
      <div
        className="item-wrapper"
      >
        <h3>
          SUSCIPIT QUI TOTAM
        </h3>
      </div>
    </ListItem>
    <ListItem
      key="81"
      post={
        Object {
          "completed": false,
          "id": 82,
          "title": "voluptates eum voluptas et dicta",
          "userId": 5,
        }
      }
    >
      <div
        className="item-wrapper"
      >
        <h3>
          VOLUPTATES EUM VOLUPTAS ET DICTA
        </h3>
      </div>
    </ListItem>
    <ListItem
      key="82"
      post={
        Object {
          "completed": true,
          "id": 83,
          "title": "quidem at rerum quis ex aut sit quam",
          "userId": 5,
        }
      }
    >
      <div
        className="item-wrapper"
      >
        <h3>
          QUIDEM AT RERUM QUIS EX AUT SIT QUAM
        </h3>
      </div>
    </ListItem>
    <ListItem
      key="83"
      post={
        Object {
          "completed": false,
          "id": 84,
          "title": "sunt veritatis ut voluptate",
          "userId": 5,
        }
      }
    >
      <div
        className="item-wrapper"
      >
        <h3>
          SUNT VERITATIS UT VOLUPTATE
        </h3>
      </div>
    </ListItem>
    <ListItem
      key="84"
      post={
        Object {
          "completed": true,
          "id": 85,
          "title": "et quia ad iste a",
          "userId": 5,
        }
      }
    >
      <div
        className="item-wrapper"
      >
        <h3>
          ET QUIA AD ISTE A
        </h3>
      </div>
    </ListItem>
    <ListItem
      key="85"
      post={
        Object {
          "completed": true,
          "id": 86,
          "title": "incidunt ut saepe autem",
          "userId": 5,
        }
      }
    >
      <div
        className="item-wrapper"
      >
        <h3>
          INCIDUNT UT SAEPE AUTEM
        </h3>
      </div>
    </ListItem>
    <ListItem
      key="86"
      post={
        Object {
          "completed": true,
          "id": 87,
          "title": "laudantium quae eligendi consequatur quia et vero autem",
          "userId": 5,
        }
      }
    >
      <div
        className="item-wrapper"
      >
        <h3>
          LAUDANTIUM QUAE ELIGENDI CONSEQUATUR QUIA ET VERO AUTEM
        </h3>
      </div>
    </ListItem>
    <ListItem
      key="87"
      post={
        Object {
          "completed": false,
          "id": 88,
          "title": "vitae aut excepturi laboriosam sint aliquam et et accusantium",
          "userId": 5,
        }
      }
    >
      <div
        className="item-wrapper"
      >
        <h3>
          VITAE AUT EXCEPTURI LABORIOSAM SINT ALIQUAM ET ET ACCUSANTIUM
        </h3>
      </div>
    </ListItem>
    <ListItem
      key="88"
      post={
        Object {
          "completed": true,
          "id": 89,
          "title": "sequi ut omnis et",
          "userId": 5,
        }
      }
    >
      <div
        className="item-wrapper"
      >
        <h3>
          SEQUI UT OMNIS ET
        </h3>
      </div>
    </ListItem>
    <ListItem
      key="89"
      post={
        Object {
          "completed": true,
          "id": 90,
          "title": "molestiae nisi accusantium tenetur dolorem et",
          "userId": 5,
        }
      }
    >
      <div
        className="item-wrapper"
      >
        <h3>
          MOLESTIAE NISI ACCUSANTIUM TENETUR DOLOREM ET
        </h3>
      </div>
    </ListItem>
    <ListItem
      key="90"
      post={
        Object {
          "completed": true,
          "id": 91,
          "title": "nulla quis consequatur saepe qui id expedita",
          "userId": 5,
        }
      }
    >
      <div
        className="item-wrapper"
      >
        <h3>
          NULLA QUIS CONSEQUATUR SAEPE QUI ID EXPEDITA
        </h3>
      </div>
    </ListItem>
    <ListItem
      key="91"
      post={
        Object {
          "completed": true,
          "id": 92,
          "title": "in omnis laboriosam",
          "userId": 5,
        }
      }
    >
      <div
        className="item-wrapper"
      >
        <h3>
          IN OMNIS LABORIOSAM
        </h3>
      </div>
    </ListItem>
    <ListItem
      key="92"
      post={
        Object {
          "completed": true,
          "id": 93,
          "title": "odio iure consequatur molestiae quibusdam necessitatibus quia sint",
          "userId": 5,
        }
      }
    >
      <div
        className="item-wrapper"
      >
        <h3>
          ODIO IURE CONSEQUATUR MOLESTIAE QUIBUSDAM NECESSITATIBUS QUIA SINT
        </h3>
      </div>
    </ListItem>
    <ListItem
      key="93"
      post={
        Object {
          "completed": false,
          "id": 94,
          "title": "facilis modi saepe mollitia",
          "userId": 5,
        }
      }
    >
      <div
        className="item-wrapper"
      >
        <h3>
          FACILIS MODI SAEPE MOLLITIA
        </h3>
      </div>
    </ListItem>
    <ListItem
      key="94"
      post={
        Object {
          "completed": true,
          "id": 95,
          "title": "vel nihil et molestiae iusto assumenda nemo quo ut",
          "userId": 5,
        }
      }
    >
      <div
        className="item-wrapper"
      >
        <h3>
          VEL NIHIL ET MOLESTIAE IUSTO ASSUMENDA NEMO QUO UT
        </h3>
      </div>
    </ListItem>
    <ListItem
      key="95"
      post={
        Object {
          "completed": false,
          "id": 96,
          "title": "nobis suscipit ducimus enim asperiores voluptas",
          "userId": 5,
        }
      }
    >
      <div
        className="item-wrapper"
      >
        <h3>
          NOBIS SUSCIPIT DUCIMUS ENIM ASPERIORES VOLUPTAS
        </h3>
      </div>
    </ListItem>
    <ListItem
      key="96"
      post={
        Object {
          "completed": false,
          "id": 97,
          "title": "dolorum laboriosam eos qui iure aliquam",
          "userId": 5,
        }
      }
    >
      <div
        className="item-wrapper"
      >
        <h3>
          DOLORUM LABORIOSAM EOS QUI IURE ALIQUAM
        </h3>
      </div>
    </ListItem>
    <ListItem
      key="97"
      post={
        Object {
          "completed": true,
          "id": 98,
          "title": "debitis accusantium ut quo facilis nihil quis sapiente necessitatibus",
          "userId": 5,
        }
      }
    >
      <div
        className="item-wrapper"
      >
        <h3>
          DEBITIS ACCUSANTIUM UT QUO FACILIS NIHIL QUIS SAPIENTE NECESSITATIBUS
        </h3>
      </div>
    </ListItem>
    <ListItem
      key="98"
      post={
        Object {
          "completed": false,
          "id": 99,
          "title": "neque voluptates ratione",
          "userId": 5,
        }
      }
    >
      <div
        className="item-wrapper"
      >
        <h3>
          NEQUE VOLUPTATES RATIONE
        </h3>
      </div>
    </ListItem>
    <ListItem
      key="99"
      post={
        Object {
          "completed": false,
          "id": 100,
          "title": "excepturi a et neque qui expedita vel voluptate",
          "userId": 5,
        }
      }
    >
      <div
        className="item-wrapper"
      >
        <h3>
          EXCEPTURI A ET NEQUE QUI EXPEDITA VEL VOLUPTATE
        </h3>
      </div>
    </ListItem>
    <ListItem
      key="100"
      post={
        Object {
          "completed": false,
          "id": 101,
          "title": "explicabo enim cumque porro aperiam occaecati minima",
          "userId": 6,
        }
      }
    >
      <div
        className="item-wrapper"
      >
        <h3>
          EXPLICABO ENIM CUMQUE PORRO APERIAM OCCAECATI MINIMA
        </h3>
      </div>
    </ListItem>
    <ListItem
      key="101"
      post={
        Object {
          "completed": false,
          "id": 102,
          "title": "sed ab consequatur",
          "userId": 6,
        }
      }
    >
      <div
        className="item-wrapper"
      >
        <h3>
          SED AB CONSEQUATUR
        </h3>
      </div>
    </ListItem>
    <ListItem
      key="102"
      post={
        Object {
          "completed": false,
          "id": 103,
          "title": "non sunt delectus illo nulla tenetur enim omnis",
          "userId": 6,
        }
      }
    >
      <div
        className="item-wrapper"
      >
        <h3>
          NON SUNT DELECTUS ILLO NULLA TENETUR ENIM OMNIS
        </h3>
      </div>
    </ListItem>
    <ListItem
      key="103"
      post={
        Object {
          "completed": false,
          "id": 104,
          "title": "excepturi non laudantium quo",
          "userId": 6,
        }
      }
    >
      <div
        className="item-wrapper"
      >
        <h3>
          EXCEPTURI NON LAUDANTIUM QUO
        </h3>
      </div>
    </ListItem>
    <ListItem
      key="104"
      post={
        Object {
          "completed": true,
          "id": 105,
          "title": "totam quia dolorem et illum repellat voluptas optio",
          "userId": 6,
        }
      }
    >
      <div
        className="item-wrapper"
      >
        <h3>
          TOTAM QUIA DOLOREM ET ILLUM REPELLAT VOLUPTAS OPTIO
        </h3>
      </div>
    </ListItem>
    <ListItem
      key="105"
      post={
        Object {
          "completed": true,
          "id": 106,
          "title": "ad illo quis voluptatem temporibus",
          "userId": 6,
        }
      }
    >
      <div
        className="item-wrapper"
      >
        <h3>
          AD ILLO QUIS VOLUPTATEM TEMPORIBUS
        </h3>
      </div>
    </ListItem>
    <ListItem
      key="106"
      post={
        Object {
          "completed": false,
          "id": 107,
          "title": "praesentium facilis omnis laudantium fugit ad iusto nihil nesciunt",
          "userId": 6,
        }
      }
    >
      <div
        className="item-wrapper"
      >
        <h3>
          PRAESENTIUM FACILIS OMNIS LAUDANTIUM FUGIT AD IUSTO NIHIL NESCIUNT
        </h3>
      </div>
    </ListItem>
    <ListItem
      key="107"
      post={
        Object {
          "completed": true,
          "id": 108,
          "title": "a eos eaque nihil et exercitationem incidunt delectus",
          "userId": 6,
        }
      }
    >
      <div
        className="item-wrapper"
      >
        <h3>
          A EOS EAQUE NIHIL ET EXERCITATIONEM INCIDUNT DELECTUS
        </h3>
      </div>
    </ListItem>
    <ListItem
      key="108"
      post={
        Object {
          "completed": true,
          "id": 109,
          "title": "autem temporibus harum quisquam in culpa",
          "userId": 6,
        }
      }
    >
      <div
        className="item-wrapper"
      >
        <h3>
          AUTEM TEMPORIBUS HARUM QUISQUAM IN CULPA
        </h3>
      </div>
    </ListItem>
    <ListItem
      key="109"
      post={
        Object {
          "completed": true,
          "id": 110,
          "title": "aut aut ea corporis",
          "userId": 6,
        }
      }
    >
      <div
        className="item-wrapper"
      >
        <h3>
          AUT AUT EA CORPORIS
        </h3>
      </div>
    </ListItem>
    <ListItem
      key="110"
      post={
        Object {
          "completed": false,
          "id": 111,
          "title": "magni accusantium labore et id quis provident",
          "userId": 6,
        }
      }
    >
      <div
        className="item-wrapper"
      >
        <h3>
          MAGNI ACCUSANTIUM LABORE ET ID QUIS PROVIDENT
        </h3>
      </div>
    </ListItem>
    <ListItem
      key="111"
      post={
        Object {
          "completed": false,
          "id": 112,
          "title": "consectetur impedit quisquam qui deserunt non rerum consequuntur eius",
          "userId": 6,
        }
      }
    >
      <div
        className="item-wrapper"
      >
        <h3>
          CONSECTETUR IMPEDIT QUISQUAM QUI DESERUNT NON RERUM CONSEQUUNTUR EIUS
        </h3>
      </div>
    </ListItem>
    <ListItem
      key="112"
      post={
        Object {
          "completed": false,
          "id": 113,
          "title": "quia atque aliquam sunt impedit voluptatum rerum assumenda nisi",
          "userId": 6,
        }
      }
    >
      <div
        className="item-wrapper"
      >
        <h3>
          QUIA ATQUE ALIQUAM SUNT IMPEDIT VOLUPTATUM RERUM ASSUMENDA NISI
        </h3>
      </div>
    </ListItem>
    <ListItem
      key="113"
      post={
        Object {
          "completed": false,
          "id": 114,
          "title": "cupiditate quos possimus corporis quisquam exercitationem beatae",
          "userId": 6,
        }
      }
    >
      <div
        className="item-wrapper"
      >
        <h3>
          CUPIDITATE QUOS POSSIMUS CORPORIS QUISQUAM EXERCITATIONEM BEATAE
        </h3>
      </div>
    </ListItem>
    <ListItem
      key="114"
      post={
        Object {
          "completed": false,
          "id": 115,
          "title": "sed et ea eum",
          "userId": 6,
        }
      }
    >
      <div
        className="item-wrapper"
      >
        <h3>
          SED ET EA EUM
        </h3>
      </div>
    </ListItem>
    <ListItem
      key="115"
      post={
        Object {
          "completed": true,
          "id": 116,
          "title": "ipsa dolores vel facilis ut",
          "userId": 6,
        }
      }
    >
      <div
        className="item-wrapper"
      >
        <h3>
          IPSA DOLORES VEL FACILIS UT
        </h3>
      </div>
    </ListItem>
    <ListItem
      key="116"
      post={
        Object {
          "completed": false,
          "id": 117,
          "title": "sequi quae est et qui qui eveniet asperiores",
          "userId": 6,
        }
      }
    >
      <div
        className="item-wrapper"
      >
        <h3>
          SEQUI QUAE EST ET QUI QUI EVENIET ASPERIORES
        </h3>
      </div>
    </ListItem>
    <ListItem
      key="117"
      post={
        Object {
          "completed": false,
          "id": 118,
          "title": "quia modi consequatur vero fugiat",
          "userId": 6,
        }
      }
    >
      <div
        className="item-wrapper"
      >
        <h3>
          QUIA MODI CONSEQUATUR VERO FUGIAT
        </h3>
      </div>
    </ListItem>
    <ListItem
      key="118"
      post={
        Object {
          "completed": false,
          "id": 119,
          "title": "corporis ducimus ea perspiciatis iste",
          "userId": 6,
        }
      }
    >
      <div
        className="item-wrapper"
      >
        <h3>
          CORPORIS DUCIMUS EA PERSPICIATIS ISTE
        </h3>
      </div>
    </ListItem>
    <ListItem
      key="119"
      post={
        Object {
          "completed": false,
          "id": 120,
          "title": "dolorem laboriosam vel voluptas et aliquam quasi",
          "userId": 6,
        }
      }
    >
      <div
        className="item-wrapper"
      >
        <h3>
          DOLOREM LABORIOSAM VEL VOLUPTAS ET ALIQUAM QUASI
        </h3>
      </div>
    </ListItem>
    <ListItem
      key="120"
      post={
        Object {
          "completed": true,
          "id": 121,
          "title": "inventore aut nihil minima laudantium hic qui omnis",
          "userId": 7,
        }
      }
    >
      <div
        className="item-wrapper"
      >
        <h3>
          INVENTORE AUT NIHIL MINIMA LAUDANTIUM HIC QUI OMNIS
        </h3>
      </div>
    </ListItem>
    <ListItem
      key="121"
      post={
        Object {
          "completed": true,
          "id": 122,
          "title": "provident aut nobis culpa",
          "userId": 7,
        }
      }
    >
      <div
        className="item-wrapper"
      >
        <h3>
          PROVIDENT AUT NOBIS CULPA
        </h3>
      </div>
    </ListItem>
    <ListItem
      key="122"
      post={
        Object {
          "completed": false,
          "id": 123,
          "title": "esse et quis iste est earum aut impedit",
          "userId": 7,
        }
      }
    >
      <div
        className="item-wrapper"
      >
        <h3>
          ESSE ET QUIS ISTE EST EARUM AUT IMPEDIT
        </h3>
      </div>
    </ListItem>
    <ListItem
      key="123"
      post={
        Object {
          "completed": false,
          "id": 124,
          "title": "qui consectetur id",
          "userId": 7,
        }
      }
    >
      <div
        className="item-wrapper"
      >
        <h3>
          QUI CONSECTETUR ID
        </h3>
      </div>
    </ListItem>
    <ListItem
      key="124"
      post={
        Object {
          "completed": false,
          "id": 125,
          "title": "aut quasi autem iste tempore illum possimus",
          "userId": 7,
        }
      }
    >
      <div
        className="item-wrapper"
      >
        <h3>
          AUT QUASI AUTEM ISTE TEMPORE ILLUM POSSIMUS
        </h3>
      </div>
    </ListItem>
    <ListItem
      key="125"
      post={
        Object {
          "completed": true,
          "id": 126,
          "title": "ut asperiores perspiciatis veniam ipsum rerum saepe",
          "userId": 7,
        }
      }
    >
      <div
        className="item-wrapper"
      >
        <h3>
          UT ASPERIORES PERSPICIATIS VENIAM IPSUM RERUM SAEPE
        </h3>
      </div>
    </ListItem>
    <ListItem
      key="126"
      post={
        Object {
          "completed": true,
          "id": 127,
          "title": "voluptatem libero consectetur rerum ut",
          "userId": 7,
        }
      }
    >
      <div
        className="item-wrapper"
      >
        <h3>
          VOLUPTATEM LIBERO CONSECTETUR RERUM UT
        </h3>
      </div>
    </ListItem>
    <ListItem
      key="127"
      post={
        Object {
          "completed": false,
          "id": 128,
          "title": "eius omnis est qui voluptatem autem",
          "userId": 7,
        }
      }
    >
      <div
        className="item-wrapper"
      >
        <h3>
          EIUS OMNIS EST QUI VOLUPTATEM AUTEM
        </h3>
      </div>
    </ListItem>
    <ListItem
      key="128"
      post={
        Object {
          "completed": false,
          "id": 129,
          "title": "rerum culpa quis harum",
          "userId": 7,
        }
      }
    >
      <div
        className="item-wrapper"
      >
        <h3>
          RERUM CULPA QUIS HARUM
        </h3>
      </div>
    </ListItem>
    <ListItem
      key="129"
      post={
        Object {
          "completed": true,
          "id": 130,
          "title": "nulla aliquid eveniet harum laborum libero alias ut unde",
          "userId": 7,
        }
      }
    >
      <div
        className="item-wrapper"
      >
        <h3>
          NULLA ALIQUID EVENIET HARUM LABORUM LIBERO ALIAS UT UNDE
        </h3>
      </div>
    </ListItem>
    <ListItem
      key="130"
      post={
        Object {
          "completed": false,
          "id": 131,
          "title": "qui ea incidunt quis",
          "userId": 7,
        }
      }
    >
      <div
        className="item-wrapper"
      >
        <h3>
          QUI EA INCIDUNT QUIS
        </h3>
      </div>
    </ListItem>
    <ListItem
      key="131"
      post={
        Object {
          "completed": true,
          "id": 132,
          "title": "qui molestiae voluptatibus velit iure harum quisquam",
          "userId": 7,
        }
      }
    >
      <div
        className="item-wrapper"
      >
        <h3>
          QUI MOLESTIAE VOLUPTATIBUS VELIT IURE HARUM QUISQUAM
        </h3>
      </div>
    </ListItem>
    <ListItem
      key="132"
      post={
        Object {
          "completed": true,
          "id": 133,
          "title": "et labore eos enim rerum consequatur sunt",
          "userId": 7,
        }
      }
    >
      <div
        className="item-wrapper"
      >
        <h3>
          ET LABORE EOS ENIM RERUM CONSEQUATUR SUNT
        </h3>
      </div>
    </ListItem>
    <ListItem
      key="133"
      post={
        Object {
          "completed": false,
          "id": 134,
          "title": "molestiae doloribus et laborum quod ea",
          "userId": 7,
        }
      }
    >
      <div
        className="item-wrapper"
      >
        <h3>
          MOLESTIAE DOLORIBUS ET LABORUM QUOD EA
        </h3>
      </div>
    </ListItem>
    <ListItem
      key="134"
      post={
        Object {
          "completed": false,
          "id": 135,
          "title": "facere ipsa nam eum voluptates reiciendis vero qui",
          "userId": 7,
        }
      }
    >
      <div
        className="item-wrapper"
      >
        <h3>
          FACERE IPSA NAM EUM VOLUPTATES REICIENDIS VERO QUI
        </h3>
      </div>
    </ListItem>
    <ListItem
      key="135"
      post={
        Object {
          "completed": false,
          "id": 136,
          "title": "asperiores illo tempora fuga sed ut quasi adipisci",
          "userId": 7,
        }
      }
    >
      <div
        className="item-wrapper"
      >
        <h3>
          ASPERIORES ILLO TEMPORA FUGA SED UT QUASI ADIPISCI
        </h3>
      </div>
    </ListItem>
    <ListItem
      key="136"
      post={
        Object {
          "completed": false,
          "id": 137,
          "title": "qui sit non",
          "userId": 7,
        }
      }
    >
      <div
        className="item-wrapper"
      >
        <h3>
          QUI SIT NON
        </h3>
      </div>
    </ListItem>
    <ListItem
      key="137"
      post={
        Object {
          "completed": true,
          "id": 138,
          "title": "placeat minima consequatur rem qui ut",
          "userId": 7,
        }
      }
    >
      <div
        className="item-wrapper"
      >
        <h3>
          PLACEAT MINIMA CONSEQUATUR REM QUI UT
        </h3>
      </div>
    </ListItem>
    <ListItem
      key="138"
      post={
        Object {
          "completed": false,
          "id": 139,
          "title": "consequatur doloribus id possimus voluptas a voluptatem",
          "userId": 7,
        }
      }
    >
      <div
        className="item-wrapper"
      >
        <h3>
          CONSEQUATUR DOLORIBUS ID POSSIMUS VOLUPTAS A VOLUPTATEM
        </h3>
      </div>
    </ListItem>
    <ListItem
      key="139"
      post={
        Object {
          "completed": true,
          "id": 140,
          "title": "aut consectetur in blanditiis deserunt quia sed laboriosam",
          "userId": 7,
        }
      }
    >
      <div
        className="item-wrapper"
      >
        <h3>
          AUT CONSECTETUR IN BLANDITIIS DESERUNT QUIA SED LABORIOSAM
        </h3>
      </div>
    </ListItem>
    <ListItem
      key="140"
      post={
        Object {
          "completed": true,
          "id": 141,
          "title": "explicabo consectetur debitis voluptates quas quae culpa rerum non",
          "userId": 8,
        }
      }
    >
      <div
        className="item-wrapper"
      >
        <h3>
          EXPLICABO CONSECTETUR DEBITIS VOLUPTATES QUAS QUAE CULPA RERUM NON
        </h3>
      </div>
    </ListItem>
    <ListItem
      key="141"
      post={
        Object {
          "completed": true,
          "id": 142,
          "title": "maiores accusantium architecto necessitatibus reiciendis ea aut",
          "userId": 8,
        }
      }
    >
      <div
        className="item-wrapper"
      >
        <h3>
          MAIORES ACCUSANTIUM ARCHITECTO NECESSITATIBUS REICIENDIS EA AUT
        </h3>
      </div>
    </ListItem>
    <ListItem
      key="142"
      post={
        Object {
          "completed": false,
          "id": 143,
          "title": "eum non recusandae cupiditate animi",
          "userId": 8,
        }
      }
    >
      <div
        className="item-wrapper"
      >
        <h3>
          EUM NON RECUSANDAE CUPIDITATE ANIMI
        </h3>
      </div>
    </ListItem>
    <ListItem
      key="143"
      post={
        Object {
          "completed": false,
          "id": 144,
          "title": "ut eum exercitationem sint",
          "userId": 8,
        }
      }
    >
      <div
        className="item-wrapper"
      >
        <h3>
          UT EUM EXERCITATIONEM SINT
        </h3>
      </div>
    </ListItem>
    <ListItem
      key="144"
      post={
        Object {
          "completed": false,
          "id": 145,
          "title": "beatae qui ullam incidunt voluptatem non nisi aliquam",
          "userId": 8,
        }
      }
    >
      <div
        className="item-wrapper"
      >
        <h3>
          BEATAE QUI ULLAM INCIDUNT VOLUPTATEM NON NISI ALIQUAM
        </h3>
      </div>
    </ListItem>
    <ListItem
      key="145"
      post={
        Object {
          "completed": true,
          "id": 146,
          "title": "molestiae suscipit ratione nihil odio libero impedit vero totam",
          "userId": 8,
        }
      }
    >
      <div
        className="item-wrapper"
      >
        <h3>
          MOLESTIAE SUSCIPIT RATIONE NIHIL ODIO LIBERO IMPEDIT VERO TOTAM
        </h3>
      </div>
    </ListItem>
    <ListItem
      key="146"
      post={
        Object {
          "completed": true,
          "id": 147,
          "title": "eum itaque quod reprehenderit et facilis dolor autem ut",
          "userId": 8,
        }
      }
    >
      <div
        className="item-wrapper"
      >
        <h3>
          EUM ITAQUE QUOD REPREHENDERIT ET FACILIS DOLOR AUTEM UT
        </h3>
      </div>
    </ListItem>
    <ListItem
      key="147"
      post={
        Object {
          "completed": false,
          "id": 148,
          "title": "esse quas et quo quasi exercitationem",
          "userId": 8,
        }
      }
    >
      <div
        className="item-wrapper"
      >
        <h3>
          ESSE QUAS ET QUO QUASI EXERCITATIONEM
        </h3>
      </div>
    </ListItem>
    <ListItem
      key="148"
      post={
        Object {
          "completed": false,
          "id": 149,
          "title": "animi voluptas quod perferendis est",
          "userId": 8,
        }
      }
    >
      <div
        className="item-wrapper"
      >
        <h3>
          ANIMI VOLUPTAS QUOD PERFERENDIS EST
        </h3>
      </div>
    </ListItem>
    <ListItem
      key="149"
      post={
        Object {
          "completed": false,
          "id": 150,
          "title": "eos amet tempore laudantium fugit a",
          "userId": 8,
        }
      }
    >
      <div
        className="item-wrapper"
      >
        <h3>
          EOS AMET TEMPORE LAUDANTIUM FUGIT A
        </h3>
      </div>
    </ListItem>
    <ListItem
      key="150"
      post={
        Object {
          "completed": true,
          "id": 151,
          "title": "accusamus adipisci dicta qui quo ea explicabo sed vero",
          "userId": 8,
        }
      }
    >
      <div
        className="item-wrapper"
      >
        <h3>
          ACCUSAMUS ADIPISCI DICTA QUI QUO EA EXPLICABO SED VERO
        </h3>
      </div>
    </ListItem>
    <ListItem
      key="151"
      post={
        Object {
          "completed": false,
          "id": 152,
          "title": "odit eligendi recusandae doloremque cumque non",
          "userId": 8,
        }
      }
    >
      <div
        className="item-wrapper"
      >
        <h3>
          ODIT ELIGENDI RECUSANDAE DOLOREMQUE CUMQUE NON
        </h3>
      </div>
    </ListItem>
    <ListItem
      key="152"
      post={
        Object {
          "completed": false,
          "id": 153,
          "title": "ea aperiam consequatur qui repellat eos",
          "userId": 8,
        }
      }
    >
      <div
        className="item-wrapper"
      >
        <h3>
          EA APERIAM CONSEQUATUR QUI REPELLAT EOS
        </h3>
      </div>
    </ListItem>
    <ListItem
      key="153"
      post={
        Object {
          "completed": true,
          "id": 154,
          "title": "rerum non ex sapiente",
          "userId": 8,
        }
      }
    >
      <div
        className="item-wrapper"
      >
        <h3>
          RERUM NON EX SAPIENTE
        </h3>
      </div>
    </ListItem>
    <ListItem
      key="154"
      post={
        Object {
          "completed": true,
          "id": 155,
          "title": "voluptatem nobis consequatur et assumenda magnam",
          "userId": 8,
        }
      }
    >
      <div
        className="item-wrapper"
      >
        <h3>
          VOLUPTATEM NOBIS CONSEQUATUR ET ASSUMENDA MAGNAM
        </h3>
      </div>
    </ListItem>
    <ListItem
      key="155"
      post={
        Object {
          "completed": true,
          "id": 156,
          "title": "nam quia quia nulla repellat assumenda quibusdam sit nobis",
          "userId": 8,
        }
      }
    >
      <div
        className="item-wrapper"
      >
        <h3>
          NAM QUIA QUIA NULLA REPELLAT ASSUMENDA QUIBUSDAM SIT NOBIS
        </h3>
      </div>
    </ListItem>
    <ListItem
      key="156"
      post={
        Object {
          "completed": true,
          "id": 157,
          "title": "dolorem veniam quisquam deserunt repellendus",
          "userId": 8,
        }
      }
    >
      <div
        className="item-wrapper"
      >
        <h3>
          DOLOREM VENIAM QUISQUAM DESERUNT REPELLENDUS
        </h3>
      </div>
    </ListItem>
    <ListItem
      key="157"
      post={
        Object {
          "completed": true,
          "id": 158,
          "title": "debitis vitae delectus et harum accusamus aut deleniti a",
          "userId": 8,
        }
      }
    >
      <div
        className="item-wrapper"
      >
        <h3>
          DEBITIS VITAE DELECTUS ET HARUM ACCUSAMUS AUT DELENITI A
        </h3>
      </div>
    </ListItem>
    <ListItem
      key="158"
      post={
        Object {
          "completed": true,
          "id": 159,
          "title": "debitis adipisci quibusdam aliquam sed dolore ea praesentium nobis",
          "userId": 8,
        }
      }
    >
      <div
        className="item-wrapper"
      >
        <h3>
          DEBITIS ADIPISCI QUIBUSDAM ALIQUAM SED DOLORE EA PRAESENTIUM NOBIS
        </h3>
      </div>
    </ListItem>
    <ListItem
      key="159"
      post={
        Object {
          "completed": false,
          "id": 160,
          "title": "et praesentium aliquam est",
          "userId": 8,
        }
      }
    >
      <div
        className="item-wrapper"
      >
        <h3>
          ET PRAESENTIUM ALIQUAM EST
        </h3>
      </div>
    </ListItem>
    <ListItem
      key="160"
      post={
        Object {
          "completed": true,
          "id": 161,
          "title": "ex hic consequuntur earum omnis alias ut occaecati culpa",
          "userId": 9,
        }
      }
    >
      <div
        className="item-wrapper"
      >
        <h3>
          EX HIC CONSEQUUNTUR EARUM OMNIS ALIAS UT OCCAECATI CULPA
        </h3>
      </div>
    </ListItem>
    <ListItem
      key="161"
      post={
        Object {
          "completed": true,
          "id": 162,
          "title": "omnis laboriosam molestias animi sunt dolore",
          "userId": 9,
        }
      }
    >
      <div
        className="item-wrapper"
      >
        <h3>
          OMNIS LABORIOSAM MOLESTIAS ANIMI SUNT DOLORE
        </h3>
      </div>
    </ListItem>
    <ListItem
      key="162"
      post={
        Object {
          "completed": false,
          "id": 163,
          "title": "natus corrupti maxime laudantium et voluptatem laboriosam odit",
          "userId": 9,
        }
      }
    >
      <div
        className="item-wrapper"
      >
        <h3>
          NATUS CORRUPTI MAXIME LAUDANTIUM ET VOLUPTATEM LABORIOSAM ODIT
        </h3>
      </div>
    </ListItem>
    <ListItem
      key="163"
      post={
        Object {
          "completed": false,
          "id": 164,
          "title": "reprehenderit quos aut aut consequatur est sed",
          "userId": 9,
        }
      }
    >
      <div
        className="item-wrapper"
      >
        <h3>
          REPREHENDERIT QUOS AUT AUT CONSEQUATUR EST SED
        </h3>
      </div>
    </ListItem>
    <ListItem
      key="164"
      post={
        Object {
          "completed": false,
          "id": 165,
          "title": "fugiat perferendis sed aut quidem",
          "userId": 9,
        }
      }
    >
      <div
        className="item-wrapper"
      >
        <h3>
          FUGIAT PERFERENDIS SED AUT QUIDEM
        </h3>
      </div>
    </ListItem>
    <ListItem
      key="165"
      post={
        Object {
          "completed": false,
          "id": 166,
          "title": "quos quo possimus suscipit minima ut",
          "userId": 9,
        }
      }
    >
      <div
        className="item-wrapper"
      >
        <h3>
          QUOS QUO POSSIMUS SUSCIPIT MINIMA UT
        </h3>
      </div>
    </ListItem>
    <ListItem
      key="166"
      post={
        Object {
          "completed": false,
          "id": 167,
          "title": "et quis minus quo a asperiores molestiae",
          "userId": 9,
        }
      }
    >
      <div
        className="item-wrapper"
      >
        <h3>
          ET QUIS MINUS QUO A ASPERIORES MOLESTIAE
        </h3>
      </div>
    </ListItem>
    <ListItem
      key="167"
      post={
        Object {
          "completed": false,
          "id": 168,
          "title": "recusandae quia qui sunt libero",
          "userId": 9,
        }
      }
    >
      <div
        className="item-wrapper"
      >
        <h3>
          RECUSANDAE QUIA QUI SUNT LIBERO
        </h3>
      </div>
    </ListItem>
    <ListItem
      key="168"
      post={
        Object {
          "completed": true,
          "id": 169,
          "title": "ea odio perferendis officiis",
          "userId": 9,
        }
      }
    >
      <div
        className="item-wrapper"
      >
        <h3>
          EA ODIO PERFERENDIS OFFICIIS
        </h3>
      </div>
    </ListItem>
    <ListItem
      key="169"
      post={
        Object {
          "completed": false,
          "id": 170,
          "title": "quisquam aliquam quia doloribus aut",
          "userId": 9,
        }
      }
    >
      <div
        className="item-wrapper"
      >
        <h3>
          QUISQUAM ALIQUAM QUIA DOLORIBUS AUT
        </h3>
      </div>
    </ListItem>
    <ListItem
      key="170"
      post={
        Object {
          "completed": true,
          "id": 171,
          "title": "fugiat aut voluptatibus corrupti deleniti velit iste odio",
          "userId": 9,
        }
      }
    >
      <div
        className="item-wrapper"
      >
        <h3>
          FUGIAT AUT VOLUPTATIBUS CORRUPTI DELENITI VELIT ISTE ODIO
        </h3>
      </div>
    </ListItem>
    <ListItem
      key="171"
      post={
        Object {
          "completed": false,
          "id": 172,
          "title": "et provident amet rerum consectetur et voluptatum",
          "userId": 9,
        }
      }
    >
      <div
        className="item-wrapper"
      >
        <h3>
          ET PROVIDENT AMET RERUM CONSECTETUR ET VOLUPTATUM
        </h3>
      </div>
    </ListItem>
    <ListItem
      key="172"
      post={
        Object {
          "completed": false,
          "id": 173,
          "title": "harum ad aperiam quis",
          "userId": 9,
        }
      }
    >
      <div
        className="item-wrapper"
      >
        <h3>
          HARUM AD APERIAM QUIS
        </h3>
      </div>
    </ListItem>
    <ListItem
      key="173"
      post={
        Object {
          "completed": false,
          "id": 174,
          "title": "similique aut quo",
          "userId": 9,
        }
      }
    >
      <div
        className="item-wrapper"
      >
        <h3>
          SIMILIQUE AUT QUO
        </h3>
      </div>
    </ListItem>
    <ListItem
      key="174"
      post={
        Object {
          "completed": true,
          "id": 175,
          "title": "laudantium eius officia perferendis provident perspiciatis asperiores",
          "userId": 9,
        }
      }
    >
      <div
        className="item-wrapper"
      >
        <h3>
          LAUDANTIUM EIUS OFFICIA PERFERENDIS PROVIDENT PERSPICIATIS ASPERIORES
        </h3>
      </div>
    </ListItem>
    <ListItem
      key="175"
      post={
        Object {
          "completed": false,
          "id": 176,
          "title": "magni soluta corrupti ut maiores rem quidem",
          "userId": 9,
        }
      }
    >
      <div
        className="item-wrapper"
      >
        <h3>
          MAGNI SOLUTA CORRUPTI UT MAIORES REM QUIDEM
        </h3>
      </div>
    </ListItem>
    <ListItem
      key="176"
      post={
        Object {
          "completed": false,
          "id": 177,
          "title": "et placeat temporibus voluptas est tempora quos quibusdam",
          "userId": 9,
        }
      }
    >
      <div
        className="item-wrapper"
      >
        <h3>
          ET PLACEAT TEMPORIBUS VOLUPTAS EST TEMPORA QUOS QUIBUSDAM
        </h3>
      </div>
    </ListItem>
    <ListItem
      key="177"
      post={
        Object {
          "completed": true,
          "id": 178,
          "title": "nesciunt itaque commodi tempore",
          "userId": 9,
        }
      }
    >
      <div
        className="item-wrapper"
      >
        <h3>
          NESCIUNT ITAQUE COMMODI TEMPORE
        </h3>
      </div>
    </ListItem>
    <ListItem
      key="178"
      post={
        Object {
          "completed": true,
          "id": 179,
          "title": "omnis consequuntur cupiditate impedit itaque ipsam quo",
          "userId": 9,
        }
      }
    >
      <div
        className="item-wrapper"
      >
        <h3>
          OMNIS CONSEQUUNTUR CUPIDITATE IMPEDIT ITAQUE IPSAM QUO
        </h3>
      </div>
    </ListItem>
    <ListItem
      key="179"
      post={
        Object {
          "completed": true,
          "id": 180,
          "title": "debitis nisi et dolorem repellat et",
          "userId": 9,
        }
      }
    >
      <div
        className="item-wrapper"
      >
        <h3>
          DEBITIS NISI ET DOLOREM REPELLAT ET
        </h3>
      </div>
    </ListItem>
    <ListItem
      key="180"
      post={
        Object {
          "completed": false,
          "id": 181,
          "title": "ut cupiditate sequi aliquam fuga maiores",
          "userId": 10,
        }
      }
    >
      <div
        className="item-wrapper"
      >
        <h3>
          UT CUPIDITATE SEQUI ALIQUAM FUGA MAIORES
        </h3>
      </div>
    </ListItem>
    <ListItem
      key="181"
      post={
        Object {
          "completed": true,
          "id": 182,
          "title": "inventore saepe cumque et aut illum enim",
          "userId": 10,
        }
      }
    >
      <div
        className="item-wrapper"
      >
        <h3>
          INVENTORE SAEPE CUMQUE ET AUT ILLUM ENIM
        </h3>
      </div>
    </ListItem>
    <ListItem
      key="182"
      post={
        Object {
          "completed": true,
          "id": 183,
          "title": "omnis nulla eum aliquam distinctio",
          "userId": 10,
        }
      }
    >
      <div
        className="item-wrapper"
      >
        <h3>
          OMNIS NULLA EUM ALIQUAM DISTINCTIO
        </h3>
      </div>
    </ListItem>
    <ListItem
      key="183"
      post={
        Object {
          "completed": false,
          "id": 184,
          "title": "molestias modi perferendis perspiciatis",
          "userId": 10,
        }
      }
    >
      <div
        className="item-wrapper"
      >
        <h3>
          MOLESTIAS MODI PERFERENDIS PERSPICIATIS
        </h3>
      </div>
    </ListItem>
    <ListItem
      key="184"
      post={
        Object {
          "completed": false,
          "id": 185,
          "title": "voluptates dignissimos sed doloribus animi quaerat aut",
          "userId": 10,
        }
      }
    >
      <div
        className="item-wrapper"
      >
        <h3>
          VOLUPTATES DIGNISSIMOS SED DOLORIBUS ANIMI QUAERAT AUT
        </h3>
      </div>
    </ListItem>
    <ListItem
      key="185"
      post={
        Object {
          "completed": false,
          "id": 186,
          "title": "explicabo odio est et",
          "userId": 10,
        }
      }
    >
      <div
        className="item-wrapper"
      >
        <h3>
          EXPLICABO ODIO EST ET
        </h3>
      </div>
    </ListItem>
    <ListItem
      key="186"
      post={
        Object {
          "completed": false,
          "id": 187,
          "title": "consequuntur animi possimus",
          "userId": 10,
        }
      }
    >
      <div
        className="item-wrapper"
      >
        <h3>
          CONSEQUUNTUR ANIMI POSSIMUS
        </h3>
      </div>
    </ListItem>
    <ListItem
      key="187"
      post={
        Object {
          "completed": true,
          "id": 188,
          "title": "vel non beatae est",
          "userId": 10,
        }
      }
    >
      <div
        className="item-wrapper"
      >
        <h3>
          VEL NON BEATAE EST
        </h3>
      </div>
    </ListItem>
    <ListItem
      key="188"
      post={
        Object {
          "completed": true,
          "id": 189,
          "title": "culpa eius et voluptatem et",
          "userId": 10,
        }
      }
    >
      <div
        className="item-wrapper"
      >
        <h3>
          CULPA EIUS ET VOLUPTATEM ET
        </h3>
      </div>
    </ListItem>
    <ListItem
      key="189"
      post={
        Object {
          "completed": true,
          "id": 190,
          "title": "accusamus sint iusto et voluptatem exercitationem",
          "userId": 10,
        }
      }
    >
      <div
        className="item-wrapper"
      >
        <h3>
          ACCUSAMUS SINT IUSTO ET VOLUPTATEM EXERCITATIONEM
        </h3>
      </div>
    </ListItem>
    <ListItem
      key="190"
      post={
        Object {
          "completed": true,
          "id": 191,
          "title": "temporibus atque distinctio omnis eius impedit tempore molestias pariatur",
          "userId": 10,
        }
      }
    >
      <div
        className="item-wrapper"
      >
        <h3>
          TEMPORIBUS ATQUE DISTINCTIO OMNIS EIUS IMPEDIT TEMPORE MOLESTIAS PARIATUR
        </h3>
      </div>
    </ListItem>
    <ListItem
      key="191"
      post={
        Object {
          "completed": false,
          "id": 192,
          "title": "ut quas possimus exercitationem sint voluptates",
          "userId": 10,
        }
      }
    >
      <div
        className="item-wrapper"
      >
        <h3>
          UT QUAS POSSIMUS EXERCITATIONEM SINT VOLUPTATES
        </h3>
      </div>
    </ListItem>
    <ListItem
      key="192"
      post={
        Object {
          "completed": true,
          "id": 193,
          "title": "rerum debitis voluptatem qui eveniet tempora distinctio a",
          "userId": 10,
        }
      }
    >
      <div
        className="item-wrapper"
      >
        <h3>
          RERUM DEBITIS VOLUPTATEM QUI EVENIET TEMPORA DISTINCTIO A
        </h3>
      </div>
    </ListItem>
    <ListItem
      key="193"
      post={
        Object {
          "completed": false,
          "id": 194,
          "title": "sed ut vero sit molestiae",
          "userId": 10,
        }
      }
    >
      <div
        className="item-wrapper"
      >
        <h3>
          SED UT VERO SIT MOLESTIAE
        </h3>
      </div>
    </ListItem>
    <ListItem
      key="194"
      post={
        Object {
          "completed": true,
          "id": 195,
          "title": "rerum ex veniam mollitia voluptatibus pariatur",
          "userId": 10,
        }
      }
    >
      <div
        className="item-wrapper"
      >
        <h3>
          RERUM EX VENIAM MOLLITIA VOLUPTATIBUS PARIATUR
        </h3>
      </div>
    </ListItem>
    <ListItem
      key="195"
      post={
        Object {
          "completed": true,
          "id": 196,
          "title": "consequuntur aut ut fugit similique",
          "userId": 10,
        }
      }
    >
      <div
        className="item-wrapper"
      >
        <h3>
          CONSEQUUNTUR AUT UT FUGIT SIMILIQUE
        </h3>
      </div>
    </ListItem>
    <ListItem
      key="196"
      post={
        Object {
          "completed": true,
          "id": 197,
          "title": "dignissimos quo nobis earum saepe",
          "userId": 10,
        }
      }
    >
      <div
        className="item-wrapper"
      >
        <h3>
          DIGNISSIMOS QUO NOBIS EARUM SAEPE
        </h3>
      </div>
    </ListItem>
    <ListItem
      key="197"
      post={
        Object {
          "completed": true,
          "id": 198,
          "title": "quis eius est sint explicabo",
          "userId": 10,
        }
      }
    >
      <div
        className="item-wrapper"
      >
        <h3>
          QUIS EIUS EST SINT EXPLICABO
        </h3>
      </div>
    </ListItem>
    <ListItem
      key="198"
      post={
        Object {
          "completed": true,
          "id": 199,
          "title": "numquam repellendus a magnam",
          "userId": 10,
        }
      }
    >
      <div
        className="item-wrapper"
      >
        <h3>
          NUMQUAM REPELLENDUS A MAGNAM
        </h3>
      </div>
    </ListItem>
    <ListItem
      key="199"
      post={
        Object {
          "completed": false,
          "id": 200,
          "title": "ipsam aperiam voluptates qui",
          "userId": 10,
        }
      }
    >
      <div
        className="item-wrapper"
      >
        <h3>
          IPSAM APERIAM VOLUPTATES QUI
        </h3>
      </div>
    </ListItem>
  </div>
</DataDash>
`;
